// Jest Snapshot v1, https://goo.gl/fbAQLP

exports[`allow styling TabPanel & container via theme: flex gap-2 1`] = `"flex gap-2 mb-[10px]"`;
