// Jest Snapshot v1, https://goo.gl/fbAQLP

exports[`created theme comes with defaults for "borderWidths" 1`] = `
{
  "large": "5px",
  "medium": "2px",
  "none": 0,
  "small": "1px",
  "xlarge": "10px",
  "xxlarge": "25px",
}
`;

exports[`created theme comes with defaults for "breakpoints" 1`] = `
[
  "40em",
  "52em",
  "64em",
]
`;

exports[`created theme comes with defaults for "fontWeights" 1`] = `
{
  "bold": 700,
  "heavy": 900,
  "light": 300,
  "medium": 500,
  "regular": 400,
  "thin": 200,
}
`;

exports[`created theme comes with defaults for "letterSpacings" 1`] = `
{
  "large": ".150em",
  "medium": ".075em",
  "none": "normal",
  "small": ".050em",
  "xlarge": ".500em",
  "xsmall": ".025em",
  "xxlarge": ".750em",
  "xxsmall": "-.05em",
  "xxxlarge": "1em",
}
`;

exports[`created theme comes with defaults for "lineHeights" 1`] = `
{
  "0": 1.1,
  "00": 0.95,
  "1": 1.25,
  "2": 1.375,
  "3": 1.5,
  "4": 1.75,
  "5": 2,
}
`;

exports[`created theme comes with defaults for "opacities" 1`] = `
{
  "dimmed": 0.5,
  "faded": 0.75,
  "ghost": 0.25,
  "solid": 1,
  "transparent": 0,
}
`;

exports[`created theme comes with defaults for "radii" 1`] = `
{
  "large": "2rem",
  "medium": "1rem",
  "none": 0,
  "round": "1e5px",
  "small": "5px",
  "xlarge": "4rem",
  "xsmall": "2px",
  "xxlarge": "8rem",
}
`;

exports[`created theme comes with defaults for "zIndices" 1`] = `
{
  "1": 1,
  "2": 2,
  "3": 3,
  "4": 4,
  "5": 5,
  "important": 2147483647,
}
`;
